// Jest Snapshot v1, https://goo.gl/fbAQLP

exports[`<FooterBar /> should render correctly 1`] = `
<div>
  Footer Bar
</div>
`;
