// Jest Snapshot v1, https://goo.gl/fbAQLP

exports[`<HeaderBar /> should render correctly 1`] = `
<div>
  Header Bar
</div>
`;
